Test MatGetInfo
Process   0: 21 60 39 1 0
GlobalMax  : 21 60 39 1 0
GlobalSum  : 21 60 39 1 0
Test MatIsSymmetric: 0
Test MatView
Mat Object: 1 MPI process
  type: is
  Mat Object: (is_) 1 MPI process
    type: seqaij
  row 0:  
  row 1:  
  row 2:  
  row 3:  
  row 4:  
  row 5:   (5, -6.)    (7, -7.)    (8, 8.)    (9, 5.)   
  row 6:   (5, 10.)    (6, -13.)    (7, 16.)    (8, -8.)    (9, -5.)   
  row 7:   (5, -13.)    (6, 26.)    (7, -13.)   
  row 8:   (5, 20.)    (6, -13.)    (7, 6.)    (8, -3.)    (9, -10.)   
  row 9:   (5, -11.)    (7, -2.)    (8, -7.)    (9, 20.)   
Mat Object: 1 MPI process
  type: seqaij
row 0: (0, 20.)  (1, -7.)  (2, -2.)  (4, -11.) 
row 1: (0, -10.)  (1, -3.)  (2, 6.)  (3, -13.)  (4, 20.) 
row 2: (2, -13.)  (3, 26.)  (4, -13.) 
row 3: (0, -5.)  (1, -8.)  (2, 16.)  (3, -13.)  (4, 10.) 
row 4: (0, 5.)  (1, 8.)  (2, -7.)  (4, -6.) 
Test CheckMat
Test MatDuplicate and MatAXPY
Test MatConvert_IS_XAIJ
Test MatConvert_XAIJ_IS
Test MatConvert_IS_XAIJ special case (0 0, bs 1 1)
Test MatConvert_IS_XAIJ special case (0 0, bs 1 2)
Test MatConvert_IS_XAIJ special case (0 0, bs 1 3)
Test MatConvert_IS_XAIJ special case (0 0, bs 2 1)
Test MatConvert_IS_XAIJ special case (0 0, bs 2 2)
Test MatConvert_IS_XAIJ special case (0 0, bs 2 3)
Test MatConvert_IS_XAIJ special case (0 0, bs 3 1)
Test MatConvert_IS_XAIJ special case (0 0, bs 3 2)
Test MatConvert_IS_XAIJ special case (0 0, bs 3 3)
Test MatConvert_IS_XAIJ special case (0 1, bs 1 1)
Test MatConvert_IS_XAIJ special case (0 1, bs 1 2)
Test MatConvert_IS_XAIJ special case (0 1, bs 1 3)
Test MatConvert_IS_XAIJ special case (0 1, bs 2 1)
Test MatConvert_IS_XAIJ special case (0 1, bs 2 2)
Test MatConvert_IS_XAIJ special case (0 1, bs 2 3)
Test MatConvert_IS_XAIJ special case (0 1, bs 3 1)
Test MatConvert_IS_XAIJ special case (0 1, bs 3 2)
Test MatConvert_IS_XAIJ special case (0 1, bs 3 3)
Test MatConvert_IS_XAIJ special case (1 0, bs 1 1)
Test MatConvert_IS_XAIJ special case (1 0, bs 1 2)
Test MatConvert_IS_XAIJ special case (1 0, bs 1 3)
Test MatConvert_IS_XAIJ special case (1 0, bs 2 1)
Test MatConvert_IS_XAIJ special case (1 0, bs 2 2)
Test MatConvert_IS_XAIJ special case (1 0, bs 2 3)
Test MatConvert_IS_XAIJ special case (1 0, bs 3 1)
Test MatConvert_IS_XAIJ special case (1 0, bs 3 2)
Test MatConvert_IS_XAIJ special case (1 0, bs 3 3)
Test MatConvert_IS_XAIJ special case (1 1, bs 1 1)
Test MatConvert_IS_XAIJ special case (1 1, bs 1 2)
Test MatConvert_IS_XAIJ special case (1 1, bs 1 3)
Test MatConvert_IS_XAIJ special case (1 1, bs 2 1)
Test MatConvert_IS_XAIJ special case (1 1, bs 2 2)
Test MatConvert_IS_XAIJ special case (1 1, bs 2 3)
Test MatConvert_IS_XAIJ special case (1 1, bs 3 1)
Test MatConvert_IS_XAIJ special case (1 1, bs 3 2)
Test MatConvert_IS_XAIJ special case (1 1, bs 3 3)
Test MatDiagonalScale
Test MatPtAP
Test MatGetLocalSubMatrix
Test MatConvert_Nest_IS
Test MatCreateSubMatrix
Test MatCreateSubMatrices
IS Object: 1 MPI process
  type: stride
Number of indices in (stride) set 1
0 0
Test MatZeroRows (diag zero)
Test MatMissingDiagonal
[0] [0,5) Missing 1, row 0 (diag zero)
Test MatTranspose
Test MatISFixLocalEmpty
Test MatInvertBlockDiagonal blockdiag 5 0 0 1
Test MatInvertBlockDiagonal blockdiag 5 0 0 2
Test MatInvertBlockDiagonal blockdiag 5 0 0 3
Test MatInvertBlockDiagonal blockdiag 5 0 1 1
Test MatInvertBlockDiagonal blockdiag 5 0 1 2
Test MatInvertBlockDiagonal blockdiag 5 0 1 3
Test MatInvertBlockDiagonal blockdiag 5 0 2 1
Test MatInvertBlockDiagonal blockdiag 5 0 2 2
Test MatInvertBlockDiagonal blockdiag 5 0 2 3
Test MatInvertBlockDiagonal blockdiag 5 1 0 1
Test MatInvertBlockDiagonal blockdiag 5 1 0 2
Test MatInvertBlockDiagonal blockdiag 5 1 0 3
Test MatInvertBlockDiagonal blockdiag 5 1 1 1
Test MatInvertBlockDiagonal blockdiag 5 1 1 2
Test MatInvertBlockDiagonal blockdiag 5 1 1 3
Test MatInvertBlockDiagonal blockdiag 5 1 2 1
Test MatInvertBlockDiagonal blockdiag 5 1 2 2
Test MatInvertBlockDiagonal blockdiag 5 1 2 3
Test MatInvertBlockDiagonal blockdiag 5 2 0 1
Test MatInvertBlockDiagonal blockdiag 5 2 0 2
Test MatInvertBlockDiagonal blockdiag 5 2 0 3
Test MatInvertBlockDiagonal blockdiag 5 2 1 1
Test MatInvertBlockDiagonal blockdiag 5 2 1 2
Test MatInvertBlockDiagonal blockdiag 5 2 1 3
Test MatInvertBlockDiagonal blockdiag 5 2 2 1
Test MatInvertBlockDiagonal blockdiag 5 2 2 2
Test MatInvertBlockDiagonal blockdiag 5 2 2 3
Test MatGetDiagonalBlock
Test MatISSetAllowRepeated(false) with possibly repeated entries
