Test MatGetInfo
Process   0: 42 84 42 1 0
Process   1: 42 84 42 1 0
Process   2: 42 84 42 1 0
GlobalMax  : 42 84 42 1 0
GlobalSum  : 126 252 126 1 0
Test MatIsSymmetric: 0
Test MatView
Mat Object: 3 MPI processes
  type: is
  Mat Object: (is_) 1 MPI process
    type: seqaij
  row 0:   (7, -1.)    (12, -1.)    (13, 2.)   
  row 1:   (11, -2.)    (12, 4.)    (13, -2.)   
  row 2:   (10, -3.)    (11, 6.)    (12, -3.)   
  row 3:   (9, -4.)    (10, 8.)    (11, -4.)   
  row 4:   (8, -5.)    (9, 10.)    (10, -5.)   
  row 5:   (7, -6.)    (8, 12.)    (9, -6.)   
  row 6:   (7, 14.)    (8, -7.)    (13, -7.)   
  row 7:   (7, -8.)    (12, -8.)    (13, 16.)   
  row 8:   (11, -9.)    (12, 18.)    (13, -9.)   
  row 9:   (10, -10.)    (11, 20.)    (12, -10.)   
  row 10:   (9, -11.)    (10, 22.)    (11, -11.)   
  row 11:   (8, -12.)    (9, 24.)    (10, -12.)   
  row 12:   (7, -13.)    (8, 26.)    (9, -13.)   
  row 13:   (7, 28.)    (8, -14.)    (13, -14.)   
  Mat Object: (is_) 1 MPI process
    type: seqaij
  row 0:   (7, -1.)    (12, -1.)    (13, 2.)   
  row 1:   (11, -2.)    (12, 4.)    (13, -2.)   
  row 2:   (10, -3.)    (11, 6.)    (12, -3.)   
  row 3:   (9, -4.)    (10, 8.)    (11, -4.)   
  row 4:   (8, -5.)    (9, 10.)    (10, -5.)   
  row 5:   (7, -6.)    (8, 12.)    (9, -6.)   
  row 6:   (7, 14.)    (8, -7.)    (13, -7.)   
  row 7:   (7, -8.)    (12, -8.)    (13, 16.)   
  row 8:   (11, -9.)    (12, 18.)    (13, -9.)   
  row 9:   (10, -10.)    (11, 20.)    (12, -10.)   
  row 10:   (9, -11.)    (10, 22.)    (11, -11.)   
  row 11:   (8, -12.)    (9, 24.)    (10, -12.)   
  row 12:   (7, -13.)    (8, 26.)    (9, -13.)   
  row 13:   (7, 28.)    (8, -14.)    (13, -14.)   
  Mat Object: (is_) 1 MPI process
    type: seqaij
  row 0:   (7, -1.)    (12, -1.)    (13, 2.)   
  row 1:   (11, -2.)    (12, 4.)    (13, -2.)   
  row 2:   (10, -3.)    (11, 6.)    (12, -3.)   
  row 3:   (9, -4.)    (10, 8.)    (11, -4.)   
  row 4:   (8, -5.)    (9, 10.)    (10, -5.)   
  row 5:   (7, -6.)    (8, 12.)    (9, -6.)   
  row 6:   (7, 14.)    (8, -7.)    (13, -7.)   
  row 7:   (7, -8.)    (12, -8.)    (13, 16.)   
  row 8:   (11, -9.)    (12, 18.)    (13, -9.)   
  row 9:   (10, -10.)    (11, 20.)    (12, -10.)   
  row 10:   (9, -11.)    (10, 22.)    (11, -11.)   
  row 11:   (8, -12.)    (9, 24.)    (10, -12.)   
  row 12:   (7, -13.)    (8, 26.)    (9, -13.)   
  row 13:   (7, 28.)    (8, -14.)    (13, -14.)   
Mat Object: 3 MPI processes
  type: mpiaij
  row 0:   (0, -36.)    (1, -3.)    (5, -42.)    (6, 81.)   
  row 1:   (0, -6.)    (1, 12.)    (2, -6.)    (4, -39.)    (5, 78.)    (6, -39.)   
  row 2:   (1, -9.)    (2, 18.)    (3, -45.)    (4, 72.)    (5, -36.)   
  row 3:   (2, -45.)    (3, 90.)    (4, -45.)   
  row 4:   (1, -30.)    (2, 60.)    (3, -45.)    (4, 30.)    (5, -15.)   
  row 5:   (0, -27.)    (1, 54.)    (2, -27.)    (4, -18.)    (5, 36.)    (6, -18.)   
  row 6:   (0, 27.)    (1, -24.)    (5, -21.)    (6, 18.)   
Test CheckMat
Test MatDuplicate and MatAXPY
Test MatConvert_IS_XAIJ
Test MatConvert_XAIJ_IS
Test MatDiagonalScale
Test MatPtAP
Test MatGetLocalSubMatrix
Test MatConvert_Nest_IS
Test MatCreateSubMatrix
Test MatCreateSubMatrices
Test MatDiagonalSet
Test MatShift
IS Object: 3 MPI processes
  type: stride
[0] Number of indices in (stride) set 2
[0] 0 4
[0] 1 5
[1] Number of indices in (stride) set 0
[2] Number of indices in (stride) set 0
Test MatZeroRows (diag nonzero)
Test MatZeroRowsColumns (diag nonzero)
Test MatMissingDiagonal
[0] [0,3) Missing 1, row 1 (diag nonzero)
[1] [3,5) Missing 0, row -1 (diag nonzero)
[2] [5,7) Missing 0, row -1 (diag nonzero)
Test MatIncreaseOverlap
IS Object: 3 MPI processes
  type: general
[0] Number of indices in set 7
[0] 0 0
[0] 1 1
[0] 2 2
[0] 3 3
[0] 4 4
[0] 5 5
[0] 6 6
[1] Number of indices in set 7
[1] 0 0
[1] 1 1
[1] 2 2
[1] 3 3
[1] 4 4
[1] 5 5
[1] 6 6
[2] Number of indices in set 7
[2] 0 0
[2] 1 1
[2] 2 2
[2] 3 3
[2] 4 4
[2] 5 5
[2] 6 6
IS Object: 3 MPI processes
  type: general
[0] Number of indices in set 7
[0] 0 0
[0] 1 1
[0] 2 2
[0] 3 3
[0] 4 4
[0] 5 5
[0] 6 6
[1] Number of indices in set 7
[1] 0 0
[1] 1 1
[1] 2 2
[1] 3 3
[1] 4 4
[1] 5 5
[1] 6 6
[2] Number of indices in set 7
[2] 0 0
[2] 1 1
[2] 2 2
[2] 3 3
[2] 4 4
[2] 5 5
[2] 6 6
IS Object: 3 MPI processes
  type: general
[0] Number of indices in set 7
[0] 0 0
[0] 1 1
[0] 2 2
[0] 3 3
[0] 4 4
[0] 5 5
[0] 6 6
[1] Number of indices in set 0
[2] Number of indices in set 0
IS Object: 3 MPI processes
  type: general
[0] Number of indices in set 7
[0] 0 0
[0] 1 1
[0] 2 2
[0] 3 3
[0] 4 4
[0] 5 5
[0] 6 6
[1] Number of indices in set 0
[2] Number of indices in set 0
IS Object: 3 MPI processes
  type: stride
[0] Number of indices in (stride) set 2
[0] 0 4
[0] 1 5
[1] Number of indices in (stride) set 0
[2] Number of indices in (stride) set 0
Test MatZeroRows (diag zero)
Test MatZeroRowsColumns (diag zero)
Test MatMissingDiagonal
[0] [0,3) Missing 1, row 1 (diag zero)
[1] [3,5) Missing 1, row 4 (diag zero)
[2] [5,7) Missing 1, row 5 (diag zero)
Test MatTranspose
Test MatISFixLocalEmpty
Test MatInvertBlockDiagonal blockdiag 7 0 0 1
Test MatInvertBlockDiagonal blockdiag 7 0 0 2
Test MatInvertBlockDiagonal blockdiag 7 0 0 3
Test MatInvertBlockDiagonal blockdiag 7 0 1 1
Test MatInvertBlockDiagonal blockdiag 7 0 1 2
Test MatInvertBlockDiagonal blockdiag 7 0 1 3
Test MatInvertBlockDiagonal blockdiag 7 0 2 1
Test MatInvertBlockDiagonal blockdiag 7 0 2 2
Test MatInvertBlockDiagonal blockdiag 7 0 2 3
Test MatInvertBlockDiagonal blockdiag 7 1 0 1
Test MatInvertBlockDiagonal blockdiag 7 1 0 2
Test MatInvertBlockDiagonal blockdiag 7 1 0 3
Test MatInvertBlockDiagonal blockdiag 7 1 1 1
Test MatInvertBlockDiagonal blockdiag 7 1 1 2
Test MatInvertBlockDiagonal blockdiag 7 1 1 3
Test MatInvertBlockDiagonal blockdiag 7 1 2 1
Test MatInvertBlockDiagonal blockdiag 7 1 2 2
Test MatInvertBlockDiagonal blockdiag 7 1 2 3
Test MatInvertBlockDiagonal blockdiag 7 2 0 1
Test MatInvertBlockDiagonal blockdiag 7 2 0 2
Test MatInvertBlockDiagonal blockdiag 7 2 0 3
Test MatInvertBlockDiagonal blockdiag 7 2 1 1
Test MatInvertBlockDiagonal blockdiag 7 2 1 2
Test MatInvertBlockDiagonal blockdiag 7 2 1 3
Test MatInvertBlockDiagonal blockdiag 7 2 2 1
Test MatInvertBlockDiagonal blockdiag 7 2 2 2
Test MatInvertBlockDiagonal blockdiag 7 2 2 3
Test MatGetDiagonalBlock
Test MatISSetAllowRepeated(false) with possibly repeated entries
