Test MatGetInfo
Process   0: 33 84 51 1 0
Process   1: 33 84 51 1 0
Process   2: 33 84 51 1 0
GlobalMax  : 33 84 51 1 0
GlobalSum  : 99 252 153 1 0
Test MatIsSymmetric: 0
Test MatView
Mat Object: 3 MPI processes
  type: is
  Mat Object: (is_) 1 MPI process
    type: seqaij
  row 0:  
  row 1:  
  row 2:  
  row 3:  
  row 4:  
  row 5:  
  row 6:  
  row 7:   (7, -8.)    (11, -9.)    (12, 10.)    (13, 7.)   
  row 8:   (7, 14.)    (8, -7.)    (10, -10.)    (11, 20.)    (12, -10.)    (13, -7.)   
  row 9:   (7, -6.)    (8, 12.)    (9, -17.)    (10, 22.)    (11, -11.)   
  row 10:   (8, -17.)    (9, 34.)    (10, -17.)   
  row 11:   (7, -13.)    (8, 26.)    (9, -17.)    (10, 8.)    (11, -4.)   
  row 12:   (7, 28.)    (8, -14.)    (10, -3.)    (11, 6.)    (12, -3.)    (13, -14.)   
  row 13:   (7, -15.)    (11, -2.)    (12, -11.)    (13, 28.)   
  Mat Object: (is_) 1 MPI process
    type: seqaij
  row 0:  
  row 1:  
  row 2:  
  row 3:  
  row 4:  
  row 5:  
  row 6:  
  row 7:   (7, -8.)    (11, -9.)    (12, 10.)    (13, 7.)   
  row 8:   (7, 14.)    (8, -7.)    (10, -10.)    (11, 20.)    (12, -10.)    (13, -7.)   
  row 9:   (7, -6.)    (8, 12.)    (9, -17.)    (10, 22.)    (11, -11.)   
  row 10:   (8, -17.)    (9, 34.)    (10, -17.)   
  row 11:   (7, -13.)    (8, 26.)    (9, -17.)    (10, 8.)    (11, -4.)   
  row 12:   (7, 28.)    (8, -14.)    (10, -3.)    (11, 6.)    (12, -3.)    (13, -14.)   
  row 13:   (7, -15.)    (11, -2.)    (12, -11.)    (13, 28.)   
  Mat Object: (is_) 1 MPI process
    type: seqaij
  row 0:  
  row 1:  
  row 2:  
  row 3:  
  row 4:  
  row 5:  
  row 6:  
  row 7:   (7, -8.)    (11, -9.)    (12, 10.)    (13, 7.)   
  row 8:   (7, 14.)    (8, -7.)    (10, -10.)    (11, 20.)    (12, -10.)    (13, -7.)   
  row 9:   (7, -6.)    (8, 12.)    (9, -17.)    (10, 22.)    (11, -11.)   
  row 10:   (8, -17.)    (9, 34.)    (10, -17.)   
  row 11:   (7, -13.)    (8, 26.)    (9, -17.)    (10, 8.)    (11, -4.)   
  row 12:   (7, 28.)    (8, -14.)    (10, -3.)    (11, 6.)    (12, -3.)    (13, -14.)   
  row 13:   (7, -15.)    (11, -2.)    (12, -11.)    (13, 28.)   
Mat Object: 3 MPI processes
  type: mpiaij
  row 0:   (0, 84.)    (1, -33.)    (2, -6.)    (6, -45.)   
  row 1:   (0, -42.)    (1, -9.)    (2, 18.)    (3, -9.)    (5, -42.)    (6, 84.)   
  row 2:   (2, -12.)    (3, 24.)    (4, -51.)    (5, 78.)    (6, -39.)   
  row 3:   (3, -51.)    (4, 102.)    (5, -51.)   
  row 4:   (2, -33.)    (3, 66.)    (4, -51.)    (5, 36.)    (6, -18.)   
  row 5:   (0, -21.)    (1, -30.)    (2, 60.)    (3, -30.)    (5, -21.)    (6, 42.)   
  row 6:   (0, 21.)    (1, 30.)    (2, -27.)    (6, -24.)   
Test CheckMat
Test MatDuplicate and MatAXPY
Test MatConvert_IS_XAIJ
Test MatConvert_XAIJ_IS
Test MatDiagonalScale
Test MatPtAP
Test MatGetLocalSubMatrix
Test MatConvert_Nest_IS
Test MatCreateSubMatrix
Test MatCreateSubMatrices
IS Object: 3 MPI processes
  type: stride
[0] Number of indices in (stride) set 2
[0] 0 4
[0] 1 5
[1] Number of indices in (stride) set 0
[2] Number of indices in (stride) set 0
Test MatZeroRows (diag zero)
Test MatMissingDiagonal
[0] [0,3) Missing 0, row -1 (diag zero)
[1] [3,5) Missing 1, row 4 (diag zero)
[2] [5,7) Missing 1, row 5 (diag zero)
Test MatTranspose
Test MatISFixLocalEmpty
Test MatInvertBlockDiagonal blockdiag 7 0 0 1
Test MatInvertBlockDiagonal blockdiag 7 0 0 2
Test MatInvertBlockDiagonal blockdiag 7 0 0 3
Test MatInvertBlockDiagonal blockdiag 7 0 1 1
Test MatInvertBlockDiagonal blockdiag 7 0 1 2
Test MatInvertBlockDiagonal blockdiag 7 0 1 3
Test MatInvertBlockDiagonal blockdiag 7 0 2 1
Test MatInvertBlockDiagonal blockdiag 7 0 2 2
Test MatInvertBlockDiagonal blockdiag 7 0 2 3
Test MatInvertBlockDiagonal blockdiag 7 1 0 1
Test MatInvertBlockDiagonal blockdiag 7 1 0 2
Test MatInvertBlockDiagonal blockdiag 7 1 0 3
Test MatInvertBlockDiagonal blockdiag 7 1 1 1
Test MatInvertBlockDiagonal blockdiag 7 1 1 2
Test MatInvertBlockDiagonal blockdiag 7 1 1 3
Test MatInvertBlockDiagonal blockdiag 7 1 2 1
Test MatInvertBlockDiagonal blockdiag 7 1 2 2
Test MatInvertBlockDiagonal blockdiag 7 1 2 3
Test MatInvertBlockDiagonal blockdiag 7 2 0 1
Test MatInvertBlockDiagonal blockdiag 7 2 0 2
Test MatInvertBlockDiagonal blockdiag 7 2 0 3
Test MatInvertBlockDiagonal blockdiag 7 2 1 1
Test MatInvertBlockDiagonal blockdiag 7 2 1 2
Test MatInvertBlockDiagonal blockdiag 7 2 1 3
Test MatInvertBlockDiagonal blockdiag 7 2 2 1
Test MatInvertBlockDiagonal blockdiag 7 2 2 2
Test MatInvertBlockDiagonal blockdiag 7 2 2 3
Test MatGetDiagonalBlock
Test MatISSetAllowRepeated(false) with possibly repeated entries
