Test MatGetInfo
Process   0: 15 30 15 1 0
Process   1: 15 30 15 1 0
Process   2: 15 30 15 1 0
GlobalMax  : 15 30 15 1 0
GlobalSum  : 45 90 45 1 0
Test MatIsSymmetric: 0
Test MatView
Mat Object: 3 MPI processes
  type: is
  Mat Object: (is_) 1 MPI process
    type: seqaij
  row 0:   (5, -1.)    (8, -1.)    (9, 2.)   
  row 1:   (7, -2.)    (8, 4.)    (9, -2.)   
  row 2:   (6, -3.)    (7, 6.)    (8, -3.)   
  row 3:   (5, -4.)    (6, 8.)    (7, -4.)   
  row 4:   (5, 10.)    (6, -5.)    (9, -5.)   
  Mat Object: (is_) 1 MPI process
    type: seqaij
  row 0:   (5, -1.)    (8, -1.)    (9, 2.)   
  row 1:   (7, -2.)    (8, 4.)    (9, -2.)   
  row 2:   (6, -3.)    (7, 6.)    (8, -3.)   
  row 3:   (5, -4.)    (6, 8.)    (7, -4.)   
  row 4:   (5, 10.)    (6, -5.)    (9, -5.)   
  Mat Object: (is_) 1 MPI process
    type: seqaij
  row 0:   (5, -1.)    (8, -1.)    (9, 2.)   
  row 1:   (7, -2.)    (8, 4.)    (9, -2.)   
  row 2:   (6, -3.)    (7, 6.)    (8, -3.)   
  row 3:   (5, -4.)    (6, 8.)    (7, -4.)   
  row 4:   (5, 10.)    (6, -5.)    (9, -5.)   
Mat Object: 3 MPI processes
  type: mpiaij
  row 0:   (0, -15.)    (3, -15.)    (4, 30.)   
  row 1:   (2, -12.)    (3, 24.)    (4, -12.)   
  row 2:   (1, -9.)    (2, 18.)    (3, -9.)   
  row 3:   (0, -6.)    (1, 12.)    (2, -6.)   
  row 4:   (0, 6.)    (1, -3.)    (4, -3.)   
Test CheckMat
Test MatDuplicate and MatAXPY
Test MatConvert_IS_XAIJ
Test MatConvert_XAIJ_IS
Test MatDiagonalScale
Test MatPtAP
Test MatGetLocalSubMatrix
Test MatConvert_Nest_IS
Test MatCreateSubMatrix
Test MatCreateSubMatrices
IS Object: 3 MPI processes
  type: stride
[0] Number of indices in (stride) set 1
[0] 0 3
[1] Number of indices in (stride) set 0
[2] Number of indices in (stride) set 0
Test MatZeroRows (diag zero)
Test MatMissingDiagonal
[0] [0,2) Missing 1, row 0 (diag zero)
[1] [2,4) Missing 1, row 2 (diag zero)
[2] [4,5) Missing 1, row 4 (diag zero)
Test MatTranspose
Test MatISFixLocalEmpty
Test MatInvertBlockDiagonal blockdiag 5 0 0 1
Test MatInvertBlockDiagonal blockdiag 5 0 0 2
Test MatInvertBlockDiagonal blockdiag 5 0 0 3
Test MatInvertBlockDiagonal blockdiag 5 0 1 1
Test MatInvertBlockDiagonal blockdiag 5 0 1 2
Test MatInvertBlockDiagonal blockdiag 5 0 1 3
Test MatInvertBlockDiagonal blockdiag 5 0 2 1
Test MatInvertBlockDiagonal blockdiag 5 0 2 2
Test MatInvertBlockDiagonal blockdiag 5 0 2 3
Test MatInvertBlockDiagonal blockdiag 5 1 0 1
Test MatInvertBlockDiagonal blockdiag 5 1 0 2
Test MatInvertBlockDiagonal blockdiag 5 1 0 3
Test MatInvertBlockDiagonal blockdiag 5 1 1 1
Test MatInvertBlockDiagonal blockdiag 5 1 1 2
Test MatInvertBlockDiagonal blockdiag 5 1 1 3
Test MatInvertBlockDiagonal blockdiag 5 1 2 1
Test MatInvertBlockDiagonal blockdiag 5 1 2 2
Test MatInvertBlockDiagonal blockdiag 5 1 2 3
Test MatInvertBlockDiagonal blockdiag 5 2 0 1
Test MatInvertBlockDiagonal blockdiag 5 2 0 2
Test MatInvertBlockDiagonal blockdiag 5 2 0 3
Test MatInvertBlockDiagonal blockdiag 5 2 1 1
Test MatInvertBlockDiagonal blockdiag 5 2 1 2
Test MatInvertBlockDiagonal blockdiag 5 2 1 3
Test MatInvertBlockDiagonal blockdiag 5 2 2 1
Test MatInvertBlockDiagonal blockdiag 5 2 2 2
Test MatInvertBlockDiagonal blockdiag 5 2 2 3
Test MatGetDiagonalBlock
Test MatISSetAllowRepeated(false) with possibly repeated entries
