Test MatGetInfo
Process   0: 21 42 21 1 0
Process   1: 21 42 21 1 0
Process   2: 21 42 21 1 0
GlobalMax  : 21 42 21 1 0
GlobalSum  : 63 126 63 1 0
Test MatIsSymmetric: 0
Test MatView
Mat Object: 3 MPI processes
  type: is
  Mat Object: (is_) 1 MPI process
    type: seqaij
  row 0:   (5, -1.)    (8, -1.)    (9, 2.)   
  row 1:   (7, -2.)    (8, 4.)    (9, -2.)   
  row 2:   (6, -3.)    (7, 6.)    (8, -3.)   
  row 3:   (5, -4.)    (6, 8.)    (7, -4.)   
  row 4:   (5, 10.)    (6, -5.)    (9, -5.)   
  row 5:   (5, -6.)    (8, -6.)    (9, 12.)   
  row 6:   (7, -7.)    (8, 14.)    (9, -7.)   
  Mat Object: (is_) 1 MPI process
    type: seqaij
  row 0:   (5, -1.)    (8, -1.)    (9, 2.)   
  row 1:   (7, -2.)    (8, 4.)    (9, -2.)   
  row 2:   (6, -3.)    (7, 6.)    (8, -3.)   
  row 3:   (5, -4.)    (6, 8.)    (7, -4.)   
  row 4:   (5, 10.)    (6, -5.)    (9, -5.)   
  row 5:   (5, -6.)    (8, -6.)    (9, 12.)   
  row 6:   (7, -7.)    (8, 14.)    (9, -7.)   
  Mat Object: (is_) 1 MPI process
    type: seqaij
  row 0:   (5, -1.)    (8, -1.)    (9, 2.)   
  row 1:   (7, -2.)    (8, 4.)    (9, -2.)   
  row 2:   (6, -3.)    (7, 6.)    (8, -3.)   
  row 3:   (5, -4.)    (6, 8.)    (7, -4.)   
  row 4:   (5, 10.)    (6, -5.)    (9, -5.)   
  row 5:   (5, -6.)    (8, -6.)    (9, 12.)   
  row 6:   (7, -7.)    (8, 14.)    (9, -7.)   
Mat Object: 3 MPI processes
  type: mpiaij
  row 0:   (0, -21.)    (1, 42.)    (2, -21.)   
  row 1:   (0, 36.)    (1, -18.)    (4, -18.)   
  row 2:   (0, -15.)    (3, -15.)    (4, 30.)   
  row 3:   (2, -12.)    (3, 24.)    (4, -12.)   
  row 4:   (1, -9.)    (2, 18.)    (3, -9.)   
  row 5:   (0, -6.)    (1, 12.)    (2, -6.)   
  row 6:   (0, 6.)    (1, -3.)    (4, -3.)   
Test CheckMat
Test MatDuplicate and MatAXPY
Test MatConvert_IS_XAIJ
Test MatConvert_XAIJ_IS
Test MatDiagonalScale
Test MatGetLocalSubMatrix
Test MatConvert_Nest_IS
Test MatCreateSubMatrix
Test MatCreateSubMatrices
IS Object: 3 MPI processes
  type: stride
[0] Number of indices in (stride) set 2
[0] 0 4
[0] 1 5
[1] Number of indices in (stride) set 0
[2] Number of indices in (stride) set 0
Test MatZeroRows (diag zero)
Test MatMissingDiagonal
[0] [0,3) Missing 1, row 0 (diag zero)
[1] [3,5) Missing 1, row 3 (diag zero)
[2] [5,7) Missing 1, row 5 (diag zero)
Test MatTranspose
Test MatISFixLocalEmpty
Test MatGetDiagonalBlock
Test MatISSetAllowRepeated(false) with possibly repeated entries
