Test MatGetInfo
Process   0: 30 60 30 1 0
Process   1: 30 60 30 1 0
Process   2: 30 60 30 1 0
GlobalMax  : 30 60 30 1 0
GlobalSum  : 90 180 90 1 0
Test MatIsSymmetric: 0
Test MatView
Mat Object: 3 MPI processes
  type: is
  Mat Object: (is_) 1 MPI process
    type: seqaij
  row 0:   (5, -1.)    (8, -1.)    (9, 2.)   
  row 1:   (7, -2.)    (8, 4.)    (9, -2.)   
  row 2:   (6, -3.)    (7, 6.)    (8, -3.)   
  row 3:   (5, -4.)    (6, 8.)    (7, -4.)   
  row 4:   (5, 10.)    (6, -5.)    (9, -5.)   
  row 5:   (5, -6.)    (8, -6.)    (9, 12.)   
  row 6:   (7, -7.)    (8, 14.)    (9, -7.)   
  row 7:   (6, -8.)    (7, 16.)    (8, -8.)   
  row 8:   (5, -9.)    (6, 18.)    (7, -9.)   
  row 9:   (5, 20.)    (6, -10.)    (9, -10.)   
  Mat Object: (is_) 1 MPI process
    type: seqaij
  row 0:   (5, -1.)    (8, -1.)    (9, 2.)   
  row 1:   (7, -2.)    (8, 4.)    (9, -2.)   
  row 2:   (6, -3.)    (7, 6.)    (8, -3.)   
  row 3:   (5, -4.)    (6, 8.)    (7, -4.)   
  row 4:   (5, 10.)    (6, -5.)    (9, -5.)   
  row 5:   (5, -6.)    (8, -6.)    (9, 12.)   
  row 6:   (7, -7.)    (8, 14.)    (9, -7.)   
  row 7:   (6, -8.)    (7, 16.)    (8, -8.)   
  row 8:   (5, -9.)    (6, 18.)    (7, -9.)   
  row 9:   (5, 20.)    (6, -10.)    (9, -10.)   
  Mat Object: (is_) 1 MPI process
    type: seqaij
  row 0:   (5, -1.)    (8, -1.)    (9, 2.)   
  row 1:   (7, -2.)    (8, 4.)    (9, -2.)   
  row 2:   (6, -3.)    (7, 6.)    (8, -3.)   
  row 3:   (5, -4.)    (6, 8.)    (7, -4.)   
  row 4:   (5, 10.)    (6, -5.)    (9, -5.)   
  row 5:   (5, -6.)    (8, -6.)    (9, 12.)   
  row 6:   (7, -7.)    (8, 14.)    (9, -7.)   
  row 7:   (6, -8.)    (7, 16.)    (8, -8.)   
  row 8:   (5, -9.)    (6, 18.)    (7, -9.)   
  row 9:   (5, 20.)    (6, -10.)    (9, -10.)   
Mat Object: 3 MPI processes
  type: mpiaij
  row 0:   (0, -24.)    (1, -3.)    (3, -30.)    (4, 57.)   
  row 1:   (0, -6.)    (1, 12.)    (2, -33.)    (3, 54.)    (4, -27.)   
  row 2:   (1, -33.)    (2, 66.)    (3, -33.)   
  row 3:   (0, -21.)    (1, 42.)    (2, -33.)    (3, 24.)    (4, -12.)   
  row 4:   (0, 21.)    (1, -18.)    (3, -15.)    (4, 12.)   
Test CheckMat
Test MatDuplicate and MatAXPY
Test MatConvert_IS_XAIJ
Test MatConvert_XAIJ_IS
Test MatDiagonalScale
Test MatPtAP
Test MatGetLocalSubMatrix
Test MatConvert_Nest_IS
Test MatCreateSubMatrix
Test MatCreateSubMatrices
Test MatDiagonalSet
Test MatShift
IS Object: 3 MPI processes
  type: stride
[0] Number of indices in (stride) set 1
[0] 0 3
[1] Number of indices in (stride) set 0
[2] Number of indices in (stride) set 0
Test MatZeroRows (diag nonzero)
Test MatZeroRowsColumns (diag nonzero)
Test MatMissingDiagonal
[0] [0,2) Missing 1, row 1 (diag nonzero)
[1] [2,4) Missing 0, row -1 (diag nonzero)
[2] [4,5) Missing 0, row -1 (diag nonzero)
Test MatIncreaseOverlap
IS Object: 3 MPI processes
  type: general
[0] Number of indices in set 5
[0] 0 0
[0] 1 1
[0] 2 2
[0] 3 3
[0] 4 4
[1] Number of indices in set 5
[1] 0 0
[1] 1 1
[1] 2 2
[1] 3 3
[1] 4 4
[2] Number of indices in set 0
IS Object: 3 MPI processes
  type: general
[0] Number of indices in set 5
[0] 0 0
[0] 1 1
[0] 2 2
[0] 3 3
[0] 4 4
[1] Number of indices in set 5
[1] 0 0
[1] 1 1
[1] 2 2
[1] 3 3
[1] 4 4
[2] Number of indices in set 0
IS Object: 3 MPI processes
  type: general
[0] Number of indices in set 0
[1] Number of indices in set 0
[2] Number of indices in set 0
IS Object: 3 MPI processes
  type: general
[0] Number of indices in set 0
[1] Number of indices in set 0
[2] Number of indices in set 0
IS Object: 3 MPI processes
  type: stride
[0] Number of indices in (stride) set 1
[0] 0 3
[1] Number of indices in (stride) set 0
[2] Number of indices in (stride) set 0
Test MatZeroRows (diag zero)
Test MatZeroRowsColumns (diag zero)
Test MatMissingDiagonal
[0] [0,2) Missing 1, row 1 (diag zero)
[1] [2,4) Missing 1, row 3 (diag zero)
[2] [4,5) Missing 0, row -1 (diag zero)
Test MatTranspose
Test MatISFixLocalEmpty
Test MatInvertBlockDiagonal blockdiag 5 0 0 1
Test MatInvertBlockDiagonal blockdiag 5 0 0 2
Test MatInvertBlockDiagonal blockdiag 5 0 0 3
Test MatInvertBlockDiagonal blockdiag 5 0 1 1
Test MatInvertBlockDiagonal blockdiag 5 0 1 2
Test MatInvertBlockDiagonal blockdiag 5 0 1 3
Test MatInvertBlockDiagonal blockdiag 5 0 2 1
Test MatInvertBlockDiagonal blockdiag 5 0 2 2
Test MatInvertBlockDiagonal blockdiag 5 0 2 3
Test MatInvertBlockDiagonal blockdiag 5 1 0 1
Test MatInvertBlockDiagonal blockdiag 5 1 0 2
Test MatInvertBlockDiagonal blockdiag 5 1 0 3
Test MatInvertBlockDiagonal blockdiag 5 1 1 1
Test MatInvertBlockDiagonal blockdiag 5 1 1 2
Test MatInvertBlockDiagonal blockdiag 5 1 1 3
Test MatInvertBlockDiagonal blockdiag 5 1 2 1
Test MatInvertBlockDiagonal blockdiag 5 1 2 2
Test MatInvertBlockDiagonal blockdiag 5 1 2 3
Test MatInvertBlockDiagonal blockdiag 5 2 0 1
Test MatInvertBlockDiagonal blockdiag 5 2 0 2
Test MatInvertBlockDiagonal blockdiag 5 2 0 3
Test MatInvertBlockDiagonal blockdiag 5 2 1 1
Test MatInvertBlockDiagonal blockdiag 5 2 1 2
Test MatInvertBlockDiagonal blockdiag 5 2 1 3
Test MatInvertBlockDiagonal blockdiag 5 2 2 1
Test MatInvertBlockDiagonal blockdiag 5 2 2 2
Test MatInvertBlockDiagonal blockdiag 5 2 2 3
Test MatGetDiagonalBlock
Test MatISSetAllowRepeated(false) with possibly repeated entries
