masses:        e= 9.109e-31; ions in proton mass units:    2.000e+00  1.800e+02 ...
charges:       e=-1.602e-19; charges in elementary units:  1.000e+00  1.800e+01
n:             e:  1.000e+00                           i:  1.000e+00  1.000e-06
thermal T (K): e= 2.321e+07 i= 1.160e+07  1.160e+07. Normalization grid 0: v_0= 1.876e+07 ( 6.256e-02c) n_0= 1.000e+20 t_0= 1.637e-05 2 batched, view batch 1
Domain radius (AMR levels) grid 0: par= 5.000e+00 perp= 5.000e+00 (0) , 1: par= 5.835e-02 perp= 5.835e-02 (0) , 2: par= 6.151e-03 perp= 6.151e-03 (0) 
[0] <vec> adaptToleranceFEM(): 0) Refine phase: Uniform
[0] <vec> adaptToleranceFEM(): 				0) 8 cells, 128 total quadrature points
[0] <vec> adaptToleranceFEM(): 1) Refine phase: Uniform
[0] <vec> adaptToleranceFEM(): 				1) 8 cells, 128 total quadrature points
[0] <vec> adaptToleranceFEM(): 2) Refine phase: Uniform
[0] <vec> adaptToleranceFEM(): 				2) 8 cells, 128 total quadrature points
nu_beta:  3.232545e-23 3.232545e-23 1.047344e-20
alpha[i]*beta[j]:
alpha_nu[0,:]: 3.093538e+22:  1.000000e+00 1.000000e+00 3.240000e+02
alpha_nu[1,:]: 8.427101e+18:  2.724098e-04 2.724098e-04 8.826077e-02
alpha_nu[2,:]: 3.033756e+19:  9.806753e-04 9.806753e-04 3.177388e-01
0) FormLandau 384 IPs, 24 cells total, Nb=16, Nq=16, dim=2, Tab: Nb=16 Nf=3 Np=16 cdim=2 N=546
Linear ptof_ solve converged due to CONVERGED_RTOL iterations 6
Linear ptof_ solve converged due to CONVERGED_RTOL iterations 6
Linear ptof_ solve converged due to CONVERGED_RTOL iterations 6
Linear ptof_ solve converged due to CONVERGED_RTOL iterations 6
Linear ptof_ solve converged due to CONVERGED_RTOL iterations 6
Linear ptof_ solve converged due to CONVERGED_RTOL iterations 6
  0) species-0: charge density= -1.6162729305797e+01 z-momentum=  2.8415177621576e-18 energy=  4.8199770808866e+04
  0) species-1: charge density=  1.6162438381907e+01 z-momentum= -1.6855243176768e-16 energy=  2.4099451614304e+04
  0) species-2: charge density=  2.9092389087432e-04 z-momentum=  8.2211135864924e-22 energy=  2.4099451614304e-02
	  0) Total: charge density=  1.0452679303705e-13, momentum= -1.6571009189416e-16, energy=  7.2299246522622e+04 (m_i[0]/m_e = 3670.94, 8 cells on electron grid)
0 TS dt 0.01 time 0.
    0 SNES Function norm 5.344593165923e-01 
    1 SNES Function norm 2.969210895755e-03 
    2 SNES Function norm 2.186312537874e-05 
    3 SNES Function norm 1.561519082558e-07 
    4 SNES Function norm 1.154566225920e-09 
    5 SNES Function norm 8.467608574482e-12 
    6 SNES Function norm 6.375824141785e-14 
  Nonlinear solve converged due to CONVERGED_SNORM_RELATIVE iterations 6
1 TS dt 0.01 time 0.01
  1) species-0: charge density= -1.6162729305797e+01 z-momentum=  3.0763968053398e-18 energy=  4.8199648394544e+04
  1) species-1: charge density=  1.6162438381907e+01 z-momentum= -1.6411124943795e-16 energy=  2.4099574008314e+04
  1) species-2: charge density=  2.9092389087432e-04 z-momentum=  9.0122190813656e-22 energy=  2.4119764471399e-02
	  1) Total: charge density=  9.7421257259228e-14, momentum= -1.6103395141070e-16, energy=  7.2299246522622e+04 (m_i[0]/m_e = 3670.94, 8 cells on electron grid)
Linear ftop_ solve converged due to CONVERGED_RTOL iterations 3
Linear ftop_ solve converged due to CONVERGED_RTOL iterations 3
Linear ftop_ solve converged due to CONVERGED_RTOL iterations 3
Linear ftop_ solve converged due to CONVERGED_RTOL iterations 3
Linear ftop_ solve converged due to CONVERGED_RTOL iterations 3
Linear ftop_ solve converged due to CONVERGED_RTOL iterations 3
Linear ptof_ solve converged due to CONVERGED_RTOL iterations 6
Linear ptof_ solve converged due to CONVERGED_RTOL iterations 6
Linear ptof_ solve converged due to CONVERGED_RTOL iterations 6
  0) species-0: charge density= -1.5216951533628e+01 z-momentum=  1.1256781903932e-18 energy=  4.2559628295769e+04
  0) species-1: charge density=  2.0756868870658e-03 z-momentum= -3.2120940016803e-20 energy=  2.8995227678946e+00
  0) species-2: charge density=  4.1515202366924e-10 z-momentum=  1.1642989026837e-27 energy=  3.2215247066011e-08
	  0) Total: charge density= -1.5214875846325e+01, momentum=  1.0935572515407e-18, energy=  4.2562527818570e+04 (m_i[0]/m_e = 3670.94, 8 cells on electron grid)
0 TS dt 0.01 time 0.
    0 SNES Function norm 1.060271553512e+00 
    1 SNES Function norm 5.907229981917e-01 
    2 SNES Function norm 3.117890333222e-03 
    3 SNES Function norm 2.163651186169e-05 
    4 SNES Function norm 1.491601578048e-07 
    5 SNES Function norm 1.057795911204e-09 
    6 SNES Function norm 7.572572784952e-12 
  Nonlinear solve converged due to CONVERGED_SNORM_RELATIVE iterations 6
1 TS dt 0.01 time 0.01
  1) species-0: charge density= -1.5216951533628e+01 z-momentum=  1.3173046652923e-18 energy=  4.2559628280316e+04
  1) species-1: charge density=  2.0756868870658e-03 z-momentum= -3.1096976431918e-20 energy=  2.8995382204167e+00
  1) species-2: charge density=  4.1515202366924e-10 z-momentum=  1.2319173823727e-27 energy=  3.2215872374357e-08
	  1) Total: charge density= -1.5214875846325e+01, momentum=  1.2862076900923e-18, energy=  4.2562527818569e+04 (m_i[0]/m_e = 3670.94, 8 cells on electron grid)
Linear ftop_ solve converged due to CONVERGED_RTOL iterations 3
Linear ftop_ solve converged due to CONVERGED_RTOL iterations 3
Linear ftop_ solve converged due to CONVERGED_RTOL iterations 3
[0] <vec> go(): Total number density:   3.369774668056e-07 (  3.369774668056e-07); x-momentum =  -7.548999805037e-17 (  6.455110808139e-18); energy =   1.445347319404e+05 (  1.445347319404e+05) rerr = 1.788096e-13 (log10(rerr) = -1.274761e+01, -12), 288 particles. Use 1 threads
