CONVERGED REASON: 4 (TS_CONVERGED_EVENT == 4)
0	1	1.05
1	1	1.
1	1	2.
1	1	3.
1	1	4.
1	1	5.
1	1	6.
1	1	7.
1	1	8.
1	1	9.
3	1	9.05
