CONVERGED REASON: 1 (TS_CONVERGED_EVENT == 4)
0	1	1.05
1	1	2.
1	1	4.
1	1	6.
1	1	8.
1	1	10.
