CONVERGED REASON: 4 (TS_CONVERGED_EVENT == 4)
0	1	1.
0	1	3.
0	1	5.
0	1	7.
0	1	9.
0	1	9.05
