CONVERGED REASON: 1 (TS_CONVERGED_EVENT == 4)
0	1	1.05
0	1	2.
0	1	4.
0	1	6.
0	1	8.
0	1	10.
