CONVERGED REASON: 1 (TS_CONVERGED_EVENT == 4)
0	1	1.
0	1	1.05
0	1	2.
0	1	3.
0	1	4.
0	1	5.
0	1	6.
0	1	7.
0	1	8.
0	1	9.
0	1	9.05
Adapt = none
Last dt = 1.
