0	1	0.05
0	1	0.1
0	1	0.39942
0	1	0.5527
0	1	0.87451
0	1	1
0	1	1
0	1	1.02
0	1	1.6968
0	1	2
0	1	2.5
0	1	4
