0	1	1.
0	1	1.
0	1	3.
0	1	5.
0	1	7.
0	1	7.
0	1	8.5
0	1	8.875
0	1	9.
1	1	0.5
1	1	2.5
1	1	4.5
1	1	5.
1	1	6.5
1	1	8.
1	1	8.5
1	1	8.75
